// Jest Snapshot v1, https://goo.gl/fbAQLP

exports[`snapshot 1`] = `
<View
  loaded={
    Array [
      0,
    ]
  }
  onLayout={[Function]}
  style={
    Array [
      Object {
        "flex": 1,
        "overflow": "hidden",
      },
      Object {
        "flex": 1,
      },
    ]
  }
>
  <RCTScrollView
    alwaysBounceHorizontal={false}
    automaticallyAdjustContentInsets={false}
    bounces={false}
    contentContainerStyle={
      Object {
        "flex": 1,
      }
    }
    contentOffset={
      Object {
        "x": 0,
        "y": 0,
      }
    }
    directionalLockEnabled={true}
    horizontal={true}
    keyboardDismissMode="on-drag"
    keyboardShouldPersistTaps="always"
    onMomentumScrollEnd={[Function]}
    onScroll={[Function]}
    overScrollMode="never"
    pagingEnabled={true}
    scrollEnabled={true}
    scrollEventThrottle={1}
    scrollsToTop={false}
    showsHorizontalScrollIndicator={false}
    style={
      Object {
        "flex": 1,
      }
    }
  >
    <View>
      <View
        style={
          Object {
            "flex": 1,
            "overflow": "hidden",
          }
        }
        testID={undefined}
      >
        <View
          collapsable={false}
          removeClippedSubviews={false}
          style={
            Object {
              "flex": 1,
              "overflow": "hidden",
            }
          }
        >
          <View
            style={
              Object {
                "flex": 1,
              }
            }
          >
            <CraigslistExploreStack
              navigation={
                Object {
                  "addListener": [Function],
                  "dispatch": [Function],
                  "getParam": [Function],
                  "goBack": [Function],
                  "isFocused": [Function],
                  "navigate": [Function],
                  "pop": [Function],
                  "popToTop": [Function],
                  "push": [Function],
                  "replace": [Function],
                  "setParams": [Function],
                  "state": Object {
                    "key": "CraigslistExplore",
                    "params": undefined,
                    "routeName": "CraigslistExplore",
                  },
                }
              }
              screenProps={undefined}
            />
          </View>
        </View>
      </View>
      <View
        style={null}
        testID={undefined}
      />
    </View>
  </RCTScrollView>
  <View
    collapsable={undefined}
    style={undefined}
  >
    <View
      collapsable={undefined}
      onLayout={[Function]}
      pointerEvents="box-none"
      style={
        Object {
          "backgroundColor": "#4f6d7a",
          "borderTopColor": "rgba(0, 0, 0, .3)",
          "borderTopWidth": 0.5,
          "flexDirection": "row",
          "height": 49,
          "paddingBottom": 0,
          "paddingLeft": 0,
          "paddingRight": 0,
          "paddingTop": 0,
        }
      }
    >
      <View
        accessibilityComponentType={undefined}
        accessibilityLabel={undefined}
        accessibilityTraits={undefined}
        accessible={true}
        collapsable={undefined}
        hitSlop={undefined}
        nativeID={undefined}
        onLayout={undefined}
        onResponderGrant={[Function]}
        onResponderMove={[Function]}
        onResponderRelease={[Function]}
        onResponderTerminate={[Function]}
        onResponderTerminationRequest={[Function]}
        onStartShouldSetResponder={[Function]}
        style={
          Object {
            "alignItems": "center",
            "backgroundColor": "rgba(0, 0, 0, 0)",
            "flex": 1,
          }
        }
        testID={undefined}
      >
        <View
          style={
            Array [
              Object {
                "alignItems": "center",
                "flex": 1,
              },
              Object {
                "flexDirection": "column",
                "justifyContent": "flex-end",
              },
              undefined,
            ]
          }
        >
          <View
            style={
              Array [
                Object {
                  "height": 29,
                },
                false,
                Object {
                  "flex": 1,
                },
              ]
            }
          >
            <View
              collapsable={undefined}
              style={
                Object {
                  "alignItems": "center",
                  "alignSelf": "center",
                  "height": "100%",
                  "justifyContent": "center",
                  "minWidth": 30,
                  "opacity": 1,
                  "position": "absolute",
                  "width": "100%",
                }
              }
            >
              <Ionicons
                color="white"
                name="ios-images"
                size={25}
              />
            </View>
            <View
              collapsable={undefined}
              style={
                Object {
                  "alignItems": "center",
                  "alignSelf": "center",
                  "height": "100%",
                  "justifyContent": "center",
                  "minWidth": 30,
                  "opacity": 0,
                  "position": "absolute",
                  "width": "100%",
                }
              }
            >
              <Ionicons
                color="lightgray"
                name="ios-images-outline"
                size={25}
              />
            </View>
          </View>
          <Text
            accessible={true}
            allowFontScaling={true}
            collapsable={undefined}
            ellipsizeMode="tail"
            numberOfLines={1}
            style={
              Object {
                "backgroundColor": "transparent",
                "color": "rgba(255, 255, 255, 1)",
                "fontSize": 10,
                "marginBottom": 1.5,
                "textAlign": "center",
              }
            }
          >
            CraigslistExplore
          </Text>
        </View>
      </View>
      <View
        accessibilityComponentType={undefined}
        accessibilityLabel={undefined}
        accessibilityTraits={undefined}
        accessible={true}
        collapsable={undefined}
        hitSlop={undefined}
        nativeID={undefined}
        onLayout={undefined}
        onResponderGrant={[Function]}
        onResponderMove={[Function]}
        onResponderRelease={[Function]}
        onResponderTerminate={[Function]}
        onResponderTerminationRequest={[Function]}
        onStartShouldSetResponder={[Function]}
        style={
          Object {
            "alignItems": "center",
            "backgroundColor": "rgba(0, 0, 0, 0)",
            "flex": 1,
          }
        }
        testID={undefined}
      >
        <View
          style={
            Array [
              Object {
                "alignItems": "center",
                "flex": 1,
              },
              Object {
                "flexDirection": "column",
                "justifyContent": "flex-end",
              },
              undefined,
            ]
          }
        >
          <View
            style={
              Array [
                Object {
                  "height": 29,
                },
                false,
                Object {
                  "flex": 1,
                },
              ]
            }
          >
            <View
              collapsable={undefined}
              style={
                Object {
                  "alignItems": "center",
                  "alignSelf": "center",
                  "height": "100%",
                  "justifyContent": "center",
                  "minWidth": 30,
                  "opacity": 0,
                  "position": "absolute",
                  "width": "100%",
                }
              }
            >
              <Ionicons
                color="white"
                name="ios-eye"
                size={25}
              />
            </View>
            <View
              collapsable={undefined}
              style={
                Object {
                  "alignItems": "center",
                  "alignSelf": "center",
                  "height": "100%",
                  "justifyContent": "center",
                  "minWidth": 30,
                  "opacity": 1,
                  "position": "absolute",
                  "width": "100%",
                }
              }
            >
              <Ionicons
                color="lightgray"
                name="ios-eye-outline"
                size={25}
              />
            </View>
          </View>
          <Text
            accessible={true}
            allowFontScaling={true}
            collapsable={undefined}
            ellipsizeMode="tail"
            numberOfLines={1}
            style={
              Object {
                "backgroundColor": "transparent",
                "color": "rgba(211, 211, 211, 1)",
                "fontSize": 10,
                "marginBottom": 1.5,
                "textAlign": "center",
              }
            }
          >
            WatchingList
          </Text>
        </View>
      </View>
    </View>
  </View>
</View>
`;
